[ 2026-10-09 14:14:52,862 ] 18 root - INFO - Initiating the data ingestion process.
[ 2026-10-09 14:14:59,206 ] 63 root - INFO - Performed train test split on the dataframe
[ 2026-10-09 14:14:59,206 ] 64 root - INFO - Exited split_data_as_train_test method of the data_ingestion class
[ 2026-10-09 14:14:59,206 ] 69 root - INFO - Explorting train and test file path.
[ 2026-10-09 14:14:59,241 ] 72 root - INFO - Exported train and test file paths.
[ 2026-10-09 14:14:59,241 ] 20 root - INFO - Data Ingestion Completed.
[ 2026-10-09 14:14:59,241 ] 24 root - INFO - Initiate the data validation
[ 2026-10-09 14:14:59,371 ] 284 root - INFO - Train dataframe shape: (8844, 31)
[ 2026-10-09 14:14:59,371 ] 289 root - INFO - Test dataframe shape: (2211, 31)
[ 2026-10-09 14:14:59,371 ] 175 root - INFO - Required number of columns: 31
[ 2026-10-09 14:14:59,371 ] 179 root - INFO - Dataframe has columns: 31
[ 2026-10-09 14:14:59,371 ] 175 root - INFO - Required number of columns: 31
[ 2026-10-09 14:14:59,371 ] 179 root - INFO - Dataframe has columns: 31
[ 2026-10-09 14:14:59,483 ] 387 root - INFO - Data validation artifact: DataValidationArtifact(validation_status=True, valid_train_file_path='Artifacts\\10_09_2026_14_14_48\\data_validation\\validated\\train.csv', valid_test_file_path='Artifacts\\10_09_2026_14_14_48\\data_validation\\validated\\test.csv', invalid_train_file_path=None, invalid_test_file_path=None, drift_report_file_path='Artifacts\\10_09_2026_14_14_48\\data_validation\\drift_report\\report.yaml')
[ 2026-10-09 14:14:59,483 ] 26 root - INFO - data validation completed
[ 2026-10-09 14:14:59,483 ] 29 root - INFO - data transformation started
[ 2026-10-09 14:14:59,483 ] 70 root - INFO - Entered initiate_data_transformation method of DataTransformation class
[ 2026-10-09 14:14:59,483 ] 72 root - INFO - Starting data transformation
[ 2026-10-09 14:14:59,566 ] 56 root - INFO - Entered get_data-transformer_object method of the Transformation class
[ 2026-10-09 14:14:59,566 ] 61 root - INFO - Initialise KNNImputer with {'missing_values': nan, 'n_neighbors': 3, 'weights': 'uniform'}
[ 2026-10-09 14:14:59,593 ] 47 root - INFO - Entered the save_object method of MainUtils class
[ 2026-10-09 14:14:59,594 ] 51 root - INFO - Exited the save_object method of mainUtils class
[ 2026-10-09 14:14:59,594 ] 47 root - INFO - Entered the save_object method of MainUtils class
[ 2026-10-09 14:14:59,594 ] 51 root - INFO - Exited the save_object method of mainUtils class
[ 2026-10-09 14:14:59,594 ] 33 root - INFO - data transformation completed.
[ 2026-10-09 14:14:59,594 ] 35 root - INFO - Model Trainning started
[ 2026-10-09 14:16:03,605 ] 199 root - INFO - Best model: Random Forest, score: 0.551257994205122
[ 2026-10-09 14:16:12,461 ] 129 root - INFO - MLflow metrics and model logged successfully.
[ 2026-10-09 14:16:12,492 ] 47 root - INFO - Entered the save_object method of MainUtils class
[ 2026-10-09 14:16:12,574 ] 51 root - INFO - Exited the save_object method of mainUtils class
[ 2026-10-09 14:16:12,574 ] 47 root - INFO - Entered the save_object method of MainUtils class
[ 2026-10-09 14:16:12,574 ] 51 root - INFO - Exited the save_object method of mainUtils class
[ 2026-10-09 14:16:12,574 ] 47 root - INFO - Entered the save_object method of MainUtils class
[ 2026-10-09 14:16:12,614 ] 51 root - INFO - Exited the save_object method of mainUtils class
[ 2026-10-09 14:16:12,614 ] 321 root - INFO - Model trainer artifact: ModelTrainerArtifact(trained_model_file_path='Artifacts\\10_09_2026_14_14_48\\model_trainer\\trained_model\\model.pkl', train_metric_artifact=ClassificationMetricArtifact(f1_score=0.9906128467324596, precision_score=0.9906198471015224, recall_score=0.9906151062867481), test_metric_artifact=ClassificationMetricArtifact(f1_score=0.551257994205122, precision_score=0.5462975349458428, recall_score=0.5563093622795116))
