[ 2026-10-09 13:48:44,985 ] 18 root - INFO - Initiating the data ingestion process.
[ 2026-10-09 13:48:59,351 ] 63 root - INFO - Performed train test split on the dataframe
[ 2026-10-09 13:48:59,351 ] 64 root - INFO - Exited split_data_as_train_test method of the data_ingestion class
[ 2026-10-09 13:48:59,351 ] 69 root - INFO - Explorting train and test file path.
[ 2026-10-09 13:48:59,402 ] 72 root - INFO - Exported train and test file paths.
[ 2026-10-09 13:48:59,402 ] 20 root - INFO - Data Ingestion Completed.
[ 2026-10-09 13:48:59,420 ] 24 root - INFO - Initiate the data validation
[ 2026-10-09 13:48:59,517 ] 284 root - INFO - Train dataframe shape: (8844, 31)
[ 2026-10-09 13:48:59,517 ] 289 root - INFO - Test dataframe shape: (2211, 31)
[ 2026-10-09 13:48:59,517 ] 175 root - INFO - Required number of columns: 31
[ 2026-10-09 13:48:59,517 ] 179 root - INFO - Dataframe has columns: 31
[ 2026-10-09 13:48:59,517 ] 175 root - INFO - Required number of columns: 31
[ 2026-10-09 13:48:59,518 ] 179 root - INFO - Dataframe has columns: 31
[ 2026-10-09 13:48:59,720 ] 387 root - INFO - Data validation artifact: DataValidationArtifact(validation_status=True, valid_train_file_path='Artifacts\\10_09_2026_13_48_42\\data_validation\\validated\\train.csv', valid_test_file_path='Artifacts\\10_09_2026_13_48_42\\data_validation\\validated\\test.csv', invalid_train_file_path=None, invalid_test_file_path=None, drift_report_file_path='Artifacts\\10_09_2026_13_48_42\\data_validation\\drift_report\\report.yaml')
[ 2026-10-09 13:48:59,720 ] 26 root - INFO - data validation completed
[ 2026-10-09 13:48:59,720 ] 29 root - INFO - data transformation started
[ 2026-10-09 13:48:59,720 ] 70 root - INFO - Entered initiate_data_transformation method of DataTransformation class
[ 2026-10-09 13:48:59,720 ] 72 root - INFO - Starting data transformation
[ 2026-10-09 13:48:59,818 ] 56 root - INFO - Entered get_data-transformer_object method of the Transformation class
[ 2026-10-09 13:48:59,818 ] 61 root - INFO - Initialise KNNImputer with {'missing_values': nan, 'n_neighbors': 3, 'weights': 'uniform'}
[ 2026-10-09 13:48:59,852 ] 47 root - INFO - Entered the save_object method of MainUtils class
[ 2026-10-09 13:48:59,855 ] 51 root - INFO - Exited the save_object method of mainUtils class
[ 2026-10-09 13:48:59,855 ] 47 root - INFO - Entered the save_object method of MainUtils class
[ 2026-10-09 13:48:59,857 ] 51 root - INFO - Exited the save_object method of mainUtils class
[ 2026-10-09 13:48:59,857 ] 33 root - INFO - data transformation completed.
[ 2026-10-09 13:48:59,857 ] 35 root - INFO - Model Trainning started
[ 2026-10-09 13:50:23,245 ] 47 root - INFO - Entered the save_object method of MainUtils class
[ 2026-10-09 13:50:23,282 ] 51 root - INFO - Exited the save_object method of mainUtils class
[ 2026-10-09 13:50:23,282 ] 47 root - INFO - Entered the save_object method of MainUtils class
[ 2026-10-09 13:50:23,288 ] 51 root - INFO - Exited the save_object method of mainUtils class
[ 2026-10-09 13:50:23,288 ] 47 root - INFO - Entered the save_object method of MainUtils class
[ 2026-10-09 13:50:23,303 ] 51 root - INFO - Exited the save_object method of mainUtils class
[ 2026-10-09 13:50:23,303 ] 200 root - INFO - Model trainer artifact: ModelTrainerArtifact(trained_model_file_path='Artifacts\\10_09_2026_13_48_42\\model_trainer\\trained_model\\model.pkl', train_metric_artifact=ClassificationMetricArtifact(f1_score=0.9905003591015117, precision_score=0.990503708607811, recall_score=0.9905020352781547), test_metric_artifact=ClassificationMetricArtifact(f1_score=0.549843296040964, precision_score=0.5470246987032146, recall_score=0.5526910900045229))
