[ 2026-10-09 15:24:24,498 ] 39 root - INFO - Start data Ingestion
[ 2026-10-09 15:24:33,127 ] 87 root - INFO - Performed train test split on the dataframe
[ 2026-10-09 15:24:33,127 ] 88 root - INFO - Exited split_data_as_train_test method of the data_ingestion class
[ 2026-10-09 15:24:33,130 ] 93 root - INFO - Explorting train and test file path.
[ 2026-10-09 15:24:33,164 ] 96 root - INFO - Exported train and test file paths.
[ 2026-10-09 15:24:33,164 ] 42 root - INFO - Data Ingestion completed and artifact: DataIngestionArtifact(train_file_path='Artifacts\\10_09_2026_15_23_40\\data_ingestion\\ingested\\train.csv', test_file_path='Artifacts\\10_09_2026_15_23_40\\data_ingestion\\ingested\\test.csv')
[ 2026-10-09 15:24:33,168 ] 52 root - INFO - Initiate the data Validation
[ 2026-10-09 15:24:33,267 ] 284 root - INFO - Train dataframe shape: (8844, 31)
[ 2026-10-09 15:24:33,267 ] 289 root - INFO - Test dataframe shape: (2211, 31)
[ 2026-10-09 15:24:33,267 ] 175 root - INFO - Required number of columns: 31
[ 2026-10-09 15:24:33,267 ] 179 root - INFO - Dataframe has columns: 31
[ 2026-10-09 15:24:33,267 ] 175 root - INFO - Required number of columns: 31
[ 2026-10-09 15:24:33,267 ] 179 root - INFO - Dataframe has columns: 31
[ 2026-10-09 15:24:33,373 ] 387 root - INFO - Data validation artifact: DataValidationArtifact(validation_status=True, valid_train_file_path='Artifacts\\10_09_2026_15_23_40\\data_validation\\validated\\train.csv', valid_test_file_path='Artifacts\\10_09_2026_15_23_40\\data_validation\\validated\\test.csv', invalid_train_file_path=None, invalid_test_file_path=None, drift_report_file_path='Artifacts\\10_09_2026_15_23_40\\data_validation\\drift_report\\report.yaml')
[ 2026-10-09 15:24:33,373 ] 70 root - INFO - Entered initiate_data_transformation method of DataTransformation class
[ 2026-10-09 15:24:33,373 ] 72 root - INFO - Starting data transformation
[ 2026-10-09 15:24:33,475 ] 56 root - INFO - Entered get_data-transformer_object method of the Transformation class
[ 2026-10-09 15:24:33,475 ] 61 root - INFO - Initialise KNNImputer with {'missing_values': nan, 'n_neighbors': 3, 'weights': 'uniform'}
[ 2026-10-09 15:24:33,499 ] 47 root - INFO - Entered the save_object method of MainUtils class
[ 2026-10-09 15:24:33,502 ] 51 root - INFO - Exited the save_object method of mainUtils class
[ 2026-10-09 15:24:33,502 ] 47 root - INFO - Entered the save_object method of MainUtils class
[ 2026-10-09 15:24:33,504 ] 51 root - INFO - Exited the save_object method of mainUtils class
[ 2026-10-09 15:25:53,415 ] 199 root - INFO - Best model: Random Forest, score: 0.5519116598108988
[ 2026-10-09 15:26:00,823 ] 129 root - INFO - MLflow metrics and model logged successfully.
[ 2026-10-09 15:26:00,874 ] 47 root - INFO - Entered the save_object method of MainUtils class
[ 2026-10-09 15:26:00,935 ] 51 root - INFO - Exited the save_object method of mainUtils class
[ 2026-10-09 15:26:00,935 ] 47 root - INFO - Entered the save_object method of MainUtils class
[ 2026-10-09 15:26:00,940 ] 51 root - INFO - Exited the save_object method of mainUtils class
[ 2026-10-09 15:26:00,940 ] 47 root - INFO - Entered the save_object method of MainUtils class
[ 2026-10-09 15:26:01,002 ] 51 root - INFO - Exited the save_object method of mainUtils class
[ 2026-10-09 15:26:01,002 ] 321 root - INFO - Model trainer artifact: ModelTrainerArtifact(trained_model_file_path='Artifacts\\10_09_2026_15_23_40\\model_trainer\\trained_model\\model.pkl', train_metric_artifact=ClassificationMetricArtifact(f1_score=0.990612114511438, precision_score=0.9906251594047198, recall_score=0.9906151062867481), test_metric_artifact=ClassificationMetricArtifact(f1_score=0.5519116598108988, precision_score=0.5475829409104211, recall_score=0.5563093622795116))
