[ 2026-10-09 15:11:46,712 ] 18 root - INFO - Initiating the data ingestion process.
[ 2026-10-09 15:11:53,100 ] 87 root - INFO - Performed train test split on the dataframe
[ 2026-10-09 15:11:53,100 ] 88 root - INFO - Exited split_data_as_train_test method of the data_ingestion class
[ 2026-10-09 15:11:53,100 ] 93 root - INFO - Explorting train and test file path.
[ 2026-10-09 15:11:53,130 ] 96 root - INFO - Exported train and test file paths.
[ 2026-10-09 15:11:53,130 ] 20 root - INFO - Data Ingestion Completed.
[ 2026-10-09 15:11:53,160 ] 24 root - INFO - Initiate the data validation
[ 2026-10-09 15:11:53,216 ] 284 root - INFO - Train dataframe shape: (8844, 31)
[ 2026-10-09 15:11:53,216 ] 289 root - INFO - Test dataframe shape: (2211, 31)
[ 2026-10-09 15:11:53,216 ] 175 root - INFO - Required number of columns: 31
[ 2026-10-09 15:11:53,216 ] 179 root - INFO - Dataframe has columns: 31
[ 2026-10-09 15:11:53,216 ] 175 root - INFO - Required number of columns: 31
[ 2026-10-09 15:11:53,216 ] 179 root - INFO - Dataframe has columns: 31
[ 2026-10-09 15:11:53,305 ] 387 root - INFO - Data validation artifact: DataValidationArtifact(validation_status=True, valid_train_file_path='Artifacts\\10_09_2026_15_10_53\\data_validation\\validated\\train.csv', valid_test_file_path='Artifacts\\10_09_2026_15_10_53\\data_validation\\validated\\test.csv', invalid_train_file_path=None, invalid_test_file_path=None, drift_report_file_path='Artifacts\\10_09_2026_15_10_53\\data_validation\\drift_report\\report.yaml')
[ 2026-10-09 15:11:53,305 ] 26 root - INFO - data validation completed
[ 2026-10-09 15:11:53,307 ] 29 root - INFO - data transformation started
[ 2026-10-09 15:11:53,307 ] 70 root - INFO - Entered initiate_data_transformation method of DataTransformation class
[ 2026-10-09 15:11:53,307 ] 72 root - INFO - Starting data transformation
[ 2026-10-09 15:11:53,399 ] 56 root - INFO - Entered get_data-transformer_object method of the Transformation class
[ 2026-10-09 15:11:53,399 ] 61 root - INFO - Initialise KNNImputer with {'missing_values': nan, 'n_neighbors': 3, 'weights': 'uniform'}
[ 2026-10-09 15:11:53,755 ] 47 root - INFO - Entered the save_object method of MainUtils class
[ 2026-10-09 15:11:53,757 ] 51 root - INFO - Exited the save_object method of mainUtils class
[ 2026-10-09 15:11:53,757 ] 47 root - INFO - Entered the save_object method of MainUtils class
[ 2026-10-09 15:11:53,760 ] 51 root - INFO - Exited the save_object method of mainUtils class
[ 2026-10-09 15:11:53,760 ] 33 root - INFO - data transformation completed.
[ 2026-10-09 15:11:53,760 ] 35 root - INFO - Model Trainning started
[ 2026-10-09 15:13:11,785 ] 199 root - INFO - Best model: Random Forest, score: 0.5505790021599599
[ 2026-10-09 15:13:20,078 ] 129 root - INFO - MLflow metrics and model logged successfully.
[ 2026-10-09 15:13:20,123 ] 47 root - INFO - Entered the save_object method of MainUtils class
[ 2026-10-09 15:13:20,152 ] 51 root - INFO - Exited the save_object method of mainUtils class
[ 2026-10-09 15:13:20,152 ] 47 root - INFO - Entered the save_object method of MainUtils class
[ 2026-10-09 15:13:20,155 ] 51 root - INFO - Exited the save_object method of mainUtils class
[ 2026-10-09 15:13:20,155 ] 47 root - INFO - Entered the save_object method of MainUtils class
[ 2026-10-09 15:13:20,178 ] 51 root - INFO - Exited the save_object method of mainUtils class
[ 2026-10-09 15:13:20,178 ] 321 root - INFO - Model trainer artifact: ModelTrainerArtifact(trained_model_file_path='Artifacts\\10_09_2026_15_10_53\\model_trainer\\trained_model\\model.pkl', train_metric_artifact=ClassificationMetricArtifact(f1_score=0.9906126036557134, precision_score=0.9906214141668542, recall_score=0.9906151062867481), test_metric_artifact=ClassificationMetricArtifact(f1_score=0.5505790021599599, precision_score=0.5458363482650817, recall_score=0.5554047942107644))
