[ 2026-10-09 14:06:04,187 ] 18 root - INFO - Initiating the data ingestion process.
[ 2026-10-09 14:06:12,353 ] 63 root - INFO - Performed train test split on the dataframe
[ 2026-10-09 14:06:12,353 ] 64 root - INFO - Exited split_data_as_train_test method of the data_ingestion class
[ 2026-10-09 14:06:12,356 ] 69 root - INFO - Explorting train and test file path.
[ 2026-10-09 14:06:12,411 ] 72 root - INFO - Exported train and test file paths.
[ 2026-10-09 14:06:12,411 ] 20 root - INFO - Data Ingestion Completed.
[ 2026-10-09 14:06:12,423 ] 24 root - INFO - Initiate the data validation
[ 2026-10-09 14:06:12,530 ] 284 root - INFO - Train dataframe shape: (8844, 31)
[ 2026-10-09 14:06:12,530 ] 289 root - INFO - Test dataframe shape: (2211, 31)
[ 2026-10-09 14:06:12,530 ] 175 root - INFO - Required number of columns: 31
[ 2026-10-09 14:06:12,532 ] 179 root - INFO - Dataframe has columns: 31
[ 2026-10-09 14:06:12,532 ] 175 root - INFO - Required number of columns: 31
[ 2026-10-09 14:06:12,532 ] 179 root - INFO - Dataframe has columns: 31
[ 2026-10-09 14:06:12,691 ] 387 root - INFO - Data validation artifact: DataValidationArtifact(validation_status=True, valid_train_file_path='Artifacts\\10_09_2026_14_05_53\\data_validation\\validated\\train.csv', valid_test_file_path='Artifacts\\10_09_2026_14_05_53\\data_validation\\validated\\test.csv', invalid_train_file_path=None, invalid_test_file_path=None, drift_report_file_path='Artifacts\\10_09_2026_14_05_53\\data_validation\\drift_report\\report.yaml')
[ 2026-10-09 14:06:12,691 ] 26 root - INFO - data validation completed
[ 2026-10-09 14:06:12,691 ] 29 root - INFO - data transformation started
[ 2026-10-09 14:06:12,691 ] 70 root - INFO - Entered initiate_data_transformation method of DataTransformation class
[ 2026-10-09 14:06:12,691 ] 72 root - INFO - Starting data transformation
[ 2026-10-09 14:06:12,788 ] 56 root - INFO - Entered get_data-transformer_object method of the Transformation class
[ 2026-10-09 14:06:12,788 ] 61 root - INFO - Initialise KNNImputer with {'missing_values': nan, 'n_neighbors': 3, 'weights': 'uniform'}
[ 2026-10-09 14:06:12,844 ] 47 root - INFO - Entered the save_object method of MainUtils class
[ 2026-10-09 14:06:12,847 ] 51 root - INFO - Exited the save_object method of mainUtils class
[ 2026-10-09 14:06:12,847 ] 47 root - INFO - Entered the save_object method of MainUtils class
[ 2026-10-09 14:06:12,850 ] 51 root - INFO - Exited the save_object method of mainUtils class
[ 2026-10-09 14:06:12,850 ] 33 root - INFO - data transformation completed.
[ 2026-10-09 14:06:12,850 ] 35 root - INFO - Model Trainning started
[ 2026-10-09 14:08:02,001 ] 197 root - INFO - Best model: Random Forest, score: 0.5508098169740608
