[ 2026-10-09 15:36:41,037 ] 39 root - INFO - Start data Ingestion
[ 2026-10-09 15:36:49,508 ] 87 root - INFO - Performed train test split on the dataframe
[ 2026-10-09 15:36:49,508 ] 88 root - INFO - Exited split_data_as_train_test method of the data_ingestion class
[ 2026-10-09 15:36:49,509 ] 93 root - INFO - Explorting train and test file path.
[ 2026-10-09 15:36:49,595 ] 96 root - INFO - Exported train and test file paths.
[ 2026-10-09 15:36:49,595 ] 42 root - INFO - Data Ingestion completed and artifact: DataIngestionArtifact(train_file_path='Artifacts\\10_09_2026_15_33_33\\data_ingestion\\ingested\\train.csv', test_file_path='Artifacts\\10_09_2026_15_33_33\\data_ingestion\\ingested\\test.csv')
[ 2026-10-09 15:36:49,601 ] 52 root - INFO - Initiate the data Validation
[ 2026-10-09 15:36:49,709 ] 284 root - INFO - Train dataframe shape: (8844, 31)
[ 2026-10-09 15:36:49,709 ] 289 root - INFO - Test dataframe shape: (2211, 31)
[ 2026-10-09 15:36:49,709 ] 175 root - INFO - Required number of columns: 31
[ 2026-10-09 15:36:49,709 ] 179 root - INFO - Dataframe has columns: 31
[ 2026-10-09 15:36:49,709 ] 175 root - INFO - Required number of columns: 31
[ 2026-10-09 15:36:49,709 ] 179 root - INFO - Dataframe has columns: 31
[ 2026-10-09 15:36:49,836 ] 387 root - INFO - Data validation artifact: DataValidationArtifact(validation_status=True, valid_train_file_path='Artifacts\\10_09_2026_15_33_33\\data_validation\\validated\\train.csv', valid_test_file_path='Artifacts\\10_09_2026_15_33_33\\data_validation\\validated\\test.csv', invalid_train_file_path=None, invalid_test_file_path=None, drift_report_file_path='Artifacts\\10_09_2026_15_33_33\\data_validation\\drift_report\\report.yaml')
[ 2026-10-09 15:36:49,837 ] 70 root - INFO - Entered initiate_data_transformation method of DataTransformation class
[ 2026-10-09 15:36:49,837 ] 72 root - INFO - Starting data transformation
[ 2026-10-09 15:36:49,939 ] 56 root - INFO - Entered get_data-transformer_object method of the Transformation class
[ 2026-10-09 15:36:49,939 ] 61 root - INFO - Initialise KNNImputer with {'missing_values': nan, 'n_neighbors': 3, 'weights': 'uniform'}
[ 2026-10-09 15:36:49,956 ] 47 root - INFO - Entered the save_object method of MainUtils class
[ 2026-10-09 15:36:49,958 ] 51 root - INFO - Exited the save_object method of mainUtils class
[ 2026-10-09 15:36:49,958 ] 47 root - INFO - Entered the save_object method of MainUtils class
[ 2026-10-09 15:36:49,960 ] 51 root - INFO - Exited the save_object method of mainUtils class
[ 2026-10-09 15:38:21,084 ] 199 root - INFO - Best model: Random Forest, score: 0.5510273563962466
[ 2026-10-09 15:38:29,336 ] 129 root - INFO - MLflow metrics and model logged successfully.
[ 2026-10-09 15:38:29,370 ] 47 root - INFO - Entered the save_object method of MainUtils class
[ 2026-10-09 15:38:29,436 ] 51 root - INFO - Exited the save_object method of mainUtils class
[ 2026-10-09 15:38:29,437 ] 47 root - INFO - Entered the save_object method of MainUtils class
[ 2026-10-09 15:38:29,443 ] 51 root - INFO - Exited the save_object method of mainUtils class
[ 2026-10-09 15:38:29,443 ] 47 root - INFO - Entered the save_object method of MainUtils class
[ 2026-10-09 15:38:29,505 ] 51 root - INFO - Exited the save_object method of mainUtils class
[ 2026-10-09 15:38:29,506 ] 321 root - INFO - Model trainer artifact: ModelTrainerArtifact(trained_model_file_path='Artifacts\\10_09_2026_15_33_33\\model_trainer\\trained_model\\model.pkl', train_metric_artifact=ClassificationMetricArtifact(f1_score=0.9906133298963055, precision_score=0.9906173237518341, recall_score=0.9906151062867481), test_metric_artifact=ClassificationMetricArtifact(f1_score=0.5510273563962466, precision_score=0.5462808404053626, recall_score=0.555857078245138))
