[ 2026-10-07 01:45:02,624 ] 16 root - INFO - Initiating the data ingestion process.
[ 2026-10-07 01:45:09,237 ] 63 root - INFO - Performed train test split on the dataframe
[ 2026-10-07 01:45:09,238 ] 64 root - INFO - Exited split_data_as_train_test method of the data_ingestion class
[ 2026-10-07 01:45:09,239 ] 69 root - INFO - Explorting train and test file path.
[ 2026-10-07 01:45:09,298 ] 72 root - INFO - Exported train and test file paths.
[ 2026-10-07 01:45:09,299 ] 18 root - INFO - Data Ingestion Completed.
[ 2026-10-07 01:45:09,306 ] 22 root - INFO - Initiate the data validation
[ 2026-10-07 01:45:09,394 ] 284 root - INFO - Train dataframe shape: (8844, 31)
[ 2026-10-07 01:45:09,394 ] 289 root - INFO - Test dataframe shape: (2211, 31)
[ 2026-10-07 01:45:09,395 ] 175 root - INFO - Required number of columns: 31
[ 2026-10-07 01:45:09,395 ] 179 root - INFO - Dataframe has columns: 31
[ 2026-10-07 01:45:09,395 ] 175 root - INFO - Required number of columns: 31
[ 2026-10-07 01:45:09,395 ] 179 root - INFO - Dataframe has columns: 31
[ 2026-10-07 01:45:09,531 ] 387 root - INFO - Data validation artifact: DataValidationArtifact(validation_status=True, valid_train_file_path='Artifacts\\10_07_2026_01_44_55\\data_validation\\validated\\train.csv', valid_test_file_path='Artifacts\\10_07_2026_01_44_55\\data_validation\\validated\\test.csv', invalid_train_file_path=None, invalid_test_file_path=None, drift_report_file_path='Artifacts\\10_07_2026_01_44_55\\data_validation\\drift_report\\report.yaml')
[ 2026-10-07 01:45:09,532 ] 24 root - INFO - data validation completed
[ 2026-10-07 01:45:09,532 ] 27 root - INFO - data transformation started
[ 2026-10-07 01:45:09,532 ] 70 root - INFO - Entered initiate_data_transformation method of DataTransformation class
[ 2026-10-07 01:45:09,532 ] 72 root - INFO - Starting data transformation
[ 2026-10-07 01:45:09,652 ] 56 root - INFO - Entered get_data-transformer_object method of the Transformation class
[ 2026-10-07 01:45:09,652 ] 61 root - INFO - Initialise KNNImputer with {'missing_values': nan, 'n_neighbors': 3, 'weights': 'uniform'}
[ 2026-10-07 01:45:09,714 ] 47 root - INFO - Entered the save_object method of MainUtils class
[ 2026-10-07 01:45:09,721 ] 51 root - INFO - Exited the save_object method of mainUtils class
[ 2026-10-07 01:45:09,722 ] 31 root - INFO - data transformation completed.
[ 2026-10-07 01:45:09,722 ] 33 root - INFO - Model Trainning started
[ 2026-10-07 01:47:34,327 ] 47 root - INFO - Entered the save_object method of MainUtils class
[ 2026-10-07 01:47:34,419 ] 51 root - INFO - Exited the save_object method of mainUtils class
[ 2026-10-07 01:47:34,419 ] 150 root - INFO - Model trainer artifact: ModelTrainerArtifact(trained_model_file_path='Artifacts\\10_07_2026_01_44_55\\model_trainer\\trained_model\\model.pkl', train_metric_artifact=ClassificationMetricArtifact(f1_score=0.9908380847714272, precision_score=0.9908509960025912, recall_score=0.9908412483039348), test_metric_artifact=ClassificationMetricArtifact(f1_score=0.5324646819379041, precision_score=0.5285780784201091, recall_score=0.5364088647670737))
