[ 2026-10-09 14:39:53,526 ] 39 root - INFO - Start data Ingestion
[ 2026-10-09 14:41:07,641 ] 39 root - INFO - Start data Ingestion
[ 2026-10-09 14:41:38,509 ] 1785 asyncio - ERROR - Exception in callback _ProactorReadPipeTransport._loop_reading(<_OverlappedF...ed result=541>)
handle: <Handle _ProactorReadPipeTransport._loop_reading(<_OverlappedF...ed result=541>)>
Traceback (most recent call last):
  File "C:\Program Files\WindowsApps\PythonSoftwareFoundation.Python.3.11_3.11.2544.0_x64__qbz5n2kfra8p0\Lib\asyncio\events.py", line 84, in _run
    self._context.run(self._callback, *self._args)
  File "C:\Program Files\WindowsApps\PythonSoftwareFoundation.Python.3.11_3.11.2544.0_x64__qbz5n2kfra8p0\Lib\asyncio\proactor_events.py", line 324, in _loop_reading
    self._data_received(data, length)
  File "C:\Program Files\WindowsApps\PythonSoftwareFoundation.Python.3.11_3.11.2544.0_x64__qbz5n2kfra8p0\Lib\asyncio\proactor_events.py", line 274, in _data_received
    self._protocol.data_received(data)
  File "C:\Users\pankaj rajpoot\OneDrive\Desktop\NETWORKSECURITY\venv\Lib\site-packages\uvicorn\protocols\http\h11_impl.py", line 176, in data_received
    self.handle_events()
  File "C:\Users\pankaj rajpoot\OneDrive\Desktop\NETWORKSECURITY\venv\Lib\site-packages\uvicorn\protocols\http\h11_impl.py", line 185, in handle_events
    self.send_400_response(msg)
  File "C:\Users\pankaj rajpoot\OneDrive\Desktop\NETWORKSECURITY\venv\Lib\site-packages\uvicorn\protocols\http\h11_impl.py", line 306, in send_400_response
    output = self.conn.send(event)
             ^^^^^^^^^^^^^^^^^^^^^
  File "C:\Users\pankaj rajpoot\OneDrive\Desktop\NETWORKSECURITY\venv\Lib\site-packages\h11\_connection.py", line 538, in send
    data_list = self.send_with_data_passthrough(event)
                ^^^^^^^^^^^^^^^^^^^^^^^^^^^^^^^^^^^^^^
  File "C:\Users\pankaj rajpoot\OneDrive\Desktop\NETWORKSECURITY\venv\Lib\site-packages\h11\_connection.py", line 563, in send_with_data_passthrough
    self._process_event(self.our_role, event)
  File "C:\Users\pankaj rajpoot\OneDrive\Desktop\NETWORKSECURITY\venv\Lib\site-packages\h11\_connection.py", line 284, in _process_event
    self._cstate.process_event(role, type(event), server_switch_event)
  File "C:\Users\pankaj rajpoot\OneDrive\Desktop\NETWORKSECURITY\venv\Lib\site-packages\h11\_state.py", line 291, in process_event
    self._fire_event_triggered_transitions(role, _event_type)
  File "C:\Users\pankaj rajpoot\OneDrive\Desktop\NETWORKSECURITY\venv\Lib\site-packages\h11\_state.py", line 309, in _fire_event_triggered_transitions
    raise LocalProtocolError(
h11._util.LocalProtocolError: can't handle event type Response when role=SERVER and state=CLOSED
